// 重构日志: 311d7a24
// 重构日志: 92920521
// 重构日志: cd55c786
// 重构日志: 60b28392
// 重构日志: 61287e90
// 重构日志: 02cd5107
// 重构日志: 2befbe0d
// 重构日志: 50ad019c
// 同步 ID: 2d3413c2 @ Wed Jul 15 18:07:31 UTC 2026
// 重构日志: ccec5727
// 重构日志: 008f5915
// 同步 ID: 4d8c80d5 @ Fri Jul 17 08:24:17 UTC 2026
// 重构日志: 1fbf48ad
// 同步 ID: d6b0d036 @ Sat Jul 18 00:22:25 UTC 2026
// 重构日志: f1881f4a
// 重构日志: 0fc5cad8
// 重构日志: dfb214a5
// 重构日志: 8a87c92a
// 重构日志: e404dbe2
// 同步 ID: e0b5d4c4 @ Fri Jul 24 00:26:57 UTC 2026
// 同步 ID: fd033537 @ Sun Jul 26 17:19:50 UTC 2026
// 同步 ID: 5070f098 @ Tue Jul 28 17:13:03 UTC 2026
// 同步 ID: 9303b0ea @ Wed Jul 29 12:25:28 UTC 2026
// 同步 ID: 36d532cd @ Thu Jul 30 00:52:51 UTC 2026
// 同步 ID: 0127aa6b @ Thu Jul 30 14:47:36 UTC 2026
// 同步 ID: 8aac9ede @ Thu Jul 30 21:33:02 UTC 2026
// 同步 ID: 22da6669 @ Sat Aug  1 16:29:02 UTC 2026
// 同步 ID: ce6532a4 @ Sat Aug  1 21:22:56 UTC 2026
// 同步 ID: eddb9346 @ Sun Aug  2 17:54:36 UTC 2026
// 同步 ID: c5c3cff6 @ Mon Aug  3 04:37:13 UTC 2026
// 重构日志: aee2f1b5
// 重构日志: f72f8776
